14:19:00 **** Build of configuration Debug for project WFE_button ****
make -j8 all 
Building file: ../startup/startup_stm32f446xx.s
Building file: ../Drivers/STM32F4xx_HAL_Driver/Src/stm32f4xx_hal.c
Building file: ../Drivers/STM32F4xx_HAL_Driver/Src/stm32f4xx_hal_can.c
Invoking: MCU GCC Assembler
Invoking: MCU GCC Compiler
Invoking: MCU GCC Compiler
C:\learning\MasterMCU2\workspace\WFE_button\Debug
arm-none-eabi-as -mcpu=cortex-m4 -mthumb -mfloat-abi=hard -mfpu=fpv4-sp-d16 -g -o "startup/startup_stm32f446xx.o" "../startup/startup_stm32f446xx.s"
C:\learning\MasterMCU2\workspace\WFE_button\Debug
arm-none-eabi-gcc -mcpu=cortex-m4 -mthumb -mfloat-abi=hard -mfpu=fpv4-sp-d16 -DUSE_HAL_DRIVER -DSTM32F446xx -I"C:/learning/MasterMCU2/workspace/WFE_button/Core/Inc" -I"C:/learning/MasterMCU2/workspace/WFE_button/Drivers/STM32F4xx_HAL_Driver/Inc" -I"C:/learning/MasterMCU2/workspace/WFE_button/Drivers/STM32F4xx_HAL_Driver/Inc/Legacy" -I"C:/learning/MasterMCU2/workspace/WFE_button/Drivers/CMSIS/Device/ST/STM32F4xx/Include" -I"C:/learning/MasterMCU2/workspace/WFE_button/Drivers/CMSIS/Include"  -Og -g3 -Wall -fmessage-length=0 -ffunction-sections -c -fmessage-length=0 -MMD -MP -MF"Drivers/STM32F4xx_HAL_Driver/Src/stm32f4xx_hal.d" -MT"Drivers/STM32F4xx_HAL_Driver/Src/stm32f4xx_hal.o" -o "Drivers/STM32F4xx_HAL_Driver/Src/stm32f4xx_hal.o" "../Drivers/STM32F4xx_HAL_Driver/Src/stm32f4xx_hal.c"
C:\learning\MasterMCU2\workspace\WFE_button\Debug
arm-none-eabi-gcc -mcpu=cortex-m4 -mthumb -mfloat-abi=hard -mfpu=fpv4-sp-d16 -DUSE_HAL_DRIVER -DSTM32F446xx -I"C:/learning/MasterMCU2/workspace/WFE_button/Core/Inc" -I"C:/learning/MasterMCU2/workspace/WFE_button/Drivers/STM32F4xx_HAL_Driver/Inc" -I"C:/learning/MasterMCU2/workspace/WFE_button/Drivers/STM32F4xx_HAL_Driver/Inc/Legacy" -I"C:/learning/MasterMCU2/workspace/WFE_button/Drivers/CMSIS/Device/ST/STM32F4xx/Include" -I"C:/learning/MasterMCU2/workspace/WFE_button/Drivers/CMSIS/Include"  -Og -g3 -Wall -fmessage-length=0 -ffunction-sections -c -fmessage-length=0 -MMD -MP -MF"Drivers/STM32F4xx_HAL_Driver/Src/stm32f4xx_hal_can.d" -MT"Drivers/STM32F4xx_HAL_Driver/Src/stm32f4xx_hal_can.o" -o "Drivers/STM32F4xx_HAL_Driver/Src/stm32f4xx_hal_can.o" "../Drivers/STM32F4xx_HAL_Driver/Src/stm32f4xx_hal_can.c"
Building file: ../Drivers/STM32F4xx_HAL_Driver/Src/stm32f4xx_hal_cortex.c
Building file: ../Drivers/STM32F4xx_HAL_Driver/Src/stm32f4xx_hal_dma.c
Invoking: MCU GCC Compiler
Invoking: MCU GCC Compiler
Finished building: ../startup/startup_stm32f446xx.s
C:\learning\MasterMCU2\workspace\WFE_button\Debug
arm-none-eabi-gcc -mcpu=cortex-m4 -mthumb -mfloat-abi=hard -mfpu=fpv4-sp-d16 -DUSE_HAL_DRIVER -DSTM32F446xx -I"C:/learning/MasterMCU2/workspace/WFE_button/Core/Inc" -I"C:/learning/MasterMCU2/workspace/WFE_button/Drivers/STM32F4xx_HAL_Driver/Inc" -I"C:/learning/MasterMCU2/workspace/WFE_button/Drivers/STM32F4xx_HAL_Driver/Inc/Legacy" -I"C:/learning/MasterMCU2/workspace/WFE_button/Drivers/CMSIS/Device/ST/STM32F4xx/Include" -I"C:/learning/MasterMCU2/workspace/WFE_button/Drivers/CMSIS/Include"  -Og -g3 -Wall -fmessage-length=0 -ffunction-sections -c -fmessage-length=0 -MMD -MP -MF"Drivers/STM32F4xx_HAL_Driver/Src/stm32f4xx_hal_cortex.d" -MT"Drivers/STM32F4xx_HAL_Driver/Src/stm32f4xx_hal_cortex.o" -o "Drivers/STM32F4xx_HAL_Driver/Src/stm32f4xx_hal_cortex.o" "../Drivers/STM32F4xx_HAL_Driver/Src/stm32f4xx_hal_cortex.c"
C:\learning\MasterMCU2\workspace\WFE_button\Debug
arm-none-eabi-gcc -mcpu=cortex-m4 -mthumb -mfloat-abi=hard -mfpu=fpv4-sp-d16 -DUSE_HAL_DRIVER -DSTM32F446xx -I"C:/learning/MasterMCU2/workspace/WFE_button/Core/Inc" -I"C:/learning/MasterMCU2/workspace/WFE_button/Drivers/STM32F4xx_HAL_Driver/Inc" -I"C:/learning/MasterMCU2/workspace/WFE_button/Drivers/STM32F4xx_HAL_Driver/Inc/Legacy" -I"C:/learning/MasterMCU2/workspace/WFE_button/Drivers/CMSIS/Device/ST/STM32F4xx/Include" -I"C:/learning/MasterMCU2/workspace/WFE_button/Drivers/CMSIS/Include"  -Og -g3 -Wall -fmessage-length=0 -ffunction-sections -c -fmessage-length=0 -MMD -MP -MF"Drivers/STM32F4xx_HAL_Driver/Src/stm32f4xx_hal_dma.d" -MT"Drivers/STM32F4xx_HAL_Driver/Src/stm32f4xx_hal_dma.o" -o "Drivers/STM32F4xx_HAL_Driver/Src/stm32f4xx_hal_dma.o" "../Drivers/STM32F4xx_HAL_Driver/Src/stm32f4xx_hal_dma.c"
 
Building file: ../Drivers/STM32F4xx_HAL_Driver/Src/stm32f4xx_hal_dma_ex.c
Building file: ../Drivers/STM32F4xx_HAL_Driver/Src/stm32f4xx_hal_exti.c
Invoking: MCU GCC Compiler
Finished building: ../Drivers/STM32F4xx_HAL_Driver/Src/stm32f4xx_hal.c
Finished building: ../Drivers/STM32F4xx_HAL_Driver/Src/stm32f4xx_hal_can.c
Invoking: MCU GCC Compiler
C:\learning\MasterMCU2\workspace\WFE_button\Debug
 
 
arm-none-eabi-gcc -mcpu=cortex-m4 -mthumb -mfloat-abi=hard -mfpu=fpv4-sp-d16 -DUSE_HAL_DRIVER -DSTM32F446xx -I"C:/learning/MasterMCU2/workspace/WFE_button/Core/Inc" -I"C:/learning/MasterMCU2/workspace/WFE_button/Drivers/STM32F4xx_HAL_Driver/Inc" -I"C:/learning/MasterMCU2/workspace/WFE_button/Drivers/STM32F4xx_HAL_Driver/Inc/Legacy" -I"C:/learning/MasterMCU2/workspace/WFE_button/Drivers/CMSIS/Device/ST/STM32F4xx/Include" -I"C:/learning/MasterMCU2/workspace/WFE_button/Drivers/CMSIS/Include"  -Og -g3 -Wall -fmessage-length=0 -ffunction-sections -c -fmessage-length=0 -MMD -MP -MF"Drivers/STM32F4xx_HAL_Driver/Src/stm32f4xx_hal_dma_ex.d" -MT"Drivers/STM32F4xx_HAL_Driver/Src/stm32f4xx_hal_dma_ex.o" -o "Drivers/STM32F4xx_HAL_Driver/Src/stm32f4xx_hal_dma_ex.o" "../Drivers/STM32F4xx_HAL_Driver/Src/stm32f4xx_hal_dma_ex.c"
C:\learning\MasterMCU2\workspace\WFE_button\Debug
Building file: ../Drivers/STM32F4xx_HAL_Driver/Src/stm32f4xx_hal_flash.c
arm-none-eabi-gcc -mcpu=cortex-m4 -mthumb -mfloat-abi=hard -mfpu=fpv4-sp-d16 -DUSE_HAL_DRIVER -DSTM32F446xx -I"C:/learning/MasterMCU2/workspace/WFE_button/Core/Inc" -I"C:/learning/MasterMCU2/workspace/WFE_button/Drivers/STM32F4xx_HAL_Driver/Inc" -I"C:/learning/MasterMCU2/workspace/WFE_button/Drivers/STM32F4xx_HAL_Driver/Inc/Legacy" -I"C:/learning/MasterMCU2/workspace/WFE_button/Drivers/CMSIS/Device/ST/STM32F4xx/Include" -I"C:/learning/MasterMCU2/workspace/WFE_button/Drivers/CMSIS/Include"  -Og -g3 -Wall -fmessage-length=0 -ffunction-sections -c -fmessage-length=0 -MMD -MP -MF"Drivers/STM32F4xx_HAL_Driver/Src/stm32f4xx_hal_exti.d" -MT"Drivers/STM32F4xx_HAL_Driver/Src/stm32f4xx_hal_exti.o" -o "Drivers/STM32F4xx_HAL_Driver/Src/stm32f4xx_hal_exti.o" "../Drivers/STM32F4xx_HAL_Driver/Src/stm32f4xx_hal_exti.c"
Finished building: ../Drivers/STM32F4xx_HAL_Driver/Src/stm32f4xx_hal_cortex.c
Finished building: ../Drivers/STM32F4xx_HAL_Driver/Src/stm32f4xx_hal_dma.c
Invoking: MCU GCC Compiler
 
 
C:\learning\MasterMCU2\workspace\WFE_button\Debug
arm-none-eabi-gcc -mcpu=cortex-m4 -mthumb -mfloat-abi=hard -mfpu=fpv4-sp-d16 -DUSE_HAL_DRIVER -DSTM32F446xx -I"C:/learning/MasterMCU2/workspace/WFE_button/Core/Inc" -I"C:/learning/MasterMCU2/workspace/WFE_button/Drivers/STM32F4xx_HAL_Driver/Inc" -I"C:/learning/MasterMCU2/workspace/WFE_button/Drivers/STM32F4xx_HAL_Driver/Inc/Legacy" -I"C:/learning/MasterMCU2/workspace/WFE_button/Drivers/CMSIS/Device/ST/STM32F4xx/Include" -I"C:/learning/MasterMCU2/workspace/WFE_button/Drivers/CMSIS/Include"  -Og -g3 -Wall -fmessage-length=0 -ffunction-sections -c -fmessage-length=0 -MMD -MP -MF"Drivers/STM32F4xx_HAL_Driver/Src/stm32f4xx_hal_flash.d" -MT"Drivers/STM32F4xx_HAL_Driver/Src/stm32f4xx_hal_flash.o" -o "Drivers/STM32F4xx_HAL_Driver/Src/stm32f4xx_hal_flash.o" "../Drivers/STM32F4xx_HAL_Driver/Src/stm32f4xx_hal_flash.c"
Building file: ../Drivers/STM32F4xx_HAL_Driver/Src/stm32f4xx_hal_flash_ex.c
Building file: ../Drivers/STM32F4xx_HAL_Driver/Src/stm32f4xx_hal_flash_ramfunc.c
Building file: ../Drivers/STM32F4xx_HAL_Driver/Src/stm32f4xx_hal_gpio.c
Invoking: MCU GCC Compiler
Finished building: ../Drivers/STM32F4xx_HAL_Driver/Src/stm32f4xx_hal_dma_ex.c
Invoking: MCU GCC Compiler
Invoking: MCU GCC Compiler
C:\learning\MasterMCU2\workspace\WFE_button\Debug
Finished building: ../Drivers/STM32F4xx_HAL_Driver/Src/stm32f4xx_hal_exti.c
 
arm-none-eabi-gcc -mcpu=cortex-m4 -mthumb -mfloat-abi=hard -mfpu=fpv4-sp-d16 -DUSE_HAL_DRIVER -DSTM32F446xx -I"C:/learning/MasterMCU2/workspace/WFE_button/Core/Inc" -I"C:/learning/MasterMCU2/workspace/WFE_button/Drivers/STM32F4xx_HAL_Driver/Inc" -I"C:/learning/MasterMCU2/workspace/WFE_button/Drivers/STM32F4xx_HAL_Driver/Inc/Legacy" -I"C:/learning/MasterMCU2/workspace/WFE_button/Drivers/CMSIS/Device/ST/STM32F4xx/Include" -I"C:/learning/MasterMCU2/workspace/WFE_button/Drivers/CMSIS/Include"  -Og -g3 -Wall -fmessage-length=0 -ffunction-sections -c -fmessage-length=0 -MMD -MP -MF"Drivers/STM32F4xx_HAL_Driver/Src/stm32f4xx_hal_flash_ex.d" -MT"Drivers/STM32F4xx_HAL_Driver/Src/stm32f4xx_hal_flash_ex.o" -o "Drivers/STM32F4xx_HAL_Driver/Src/stm32f4xx_hal_flash_ex.o" "../Drivers/STM32F4xx_HAL_Driver/Src/stm32f4xx_hal_flash_ex.c"
C:\learning\MasterMCU2\workspace\WFE_button\Debug
arm-none-eabi-gcc -mcpu=cortex-m4 -mthumb -mfloat-abi=hard -mfpu=fpv4-sp-d16 -DUSE_HAL_DRIVER -DSTM32F446xx -I"C:/learning/MasterMCU2/workspace/WFE_button/Core/Inc" -I"C:/learning/MasterMCU2/workspace/WFE_button/Drivers/STM32F4xx_HAL_Driver/Inc" -I"C:/learning/MasterMCU2/workspace/WFE_button/Drivers/STM32F4xx_HAL_Driver/Inc/Legacy" -I"C:/learning/MasterMCU2/workspace/WFE_button/Drivers/CMSIS/Device/ST/STM32F4xx/Include" -I"C:/learning/MasterMCU2/workspace/WFE_button/Drivers/CMSIS/Include"  -Og -g3 -Wall -fmessage-length=0 -ffunction-sections -c -fmessage-length=0 -MMD -MP -MF"Drivers/STM32F4xx_HAL_Driver/Src/stm32f4xx_hal_flash_ramfunc.d" -MT"Drivers/STM32F4xx_HAL_Driver/Src/stm32f4xx_hal_flash_ramfunc.o" -o "Drivers/STM32F4xx_HAL_Driver/Src/stm32f4xx_hal_flash_ramfunc.o" "../Drivers/STM32F4xx_HAL_Driver/Src/stm32f4xx_hal_flash_ramfunc.c"
C:\learning\MasterMCU2\workspace\WFE_button\Debug
arm-none-eabi-gcc -mcpu=cortex-m4 -mthumb -mfloat-abi=hard -mfpu=fpv4-sp-d16 -DUSE_HAL_DRIVER -DSTM32F446xx -I"C:/learning/MasterMCU2/workspace/WFE_button/Core/Inc" -I"C:/learning/MasterMCU2/workspace/WFE_button/Drivers/STM32F4xx_HAL_Driver/Inc" -I"C:/learning/MasterMCU2/workspace/WFE_button/Drivers/STM32F4xx_HAL_Driver/Inc/Legacy" -I"C:/learning/MasterMCU2/workspace/WFE_button/Drivers/CMSIS/Device/ST/STM32F4xx/Include" -I"C:/learning/MasterMCU2/workspace/WFE_button/Drivers/CMSIS/Include"  -Og -g3 -Wall -fmessage-length=0 -ffunction-sections -c -fmessage-length=0 -MMD -MP -MF"Drivers/STM32F4xx_HAL_Driver/Src/stm32f4xx_hal_gpio.d" -MT"Drivers/STM32F4xx_HAL_Driver/Src/stm32f4xx_hal_gpio.o" -o "Drivers/STM32F4xx_HAL_Driver/Src/stm32f4xx_hal_gpio.o" "../Drivers/STM32F4xx_HAL_Driver/Src/stm32f4xx_hal_gpio.c"
 
Building file: ../Drivers/STM32F4xx_HAL_Driver/Src/stm32f4xx_hal_pwr.c
Finished building: ../Drivers/STM32F4xx_HAL_Driver/Src/stm32f4xx_hal_flash.c
Invoking: MCU GCC Compiler
Building file: ../Drivers/STM32F4xx_HAL_Driver/Src/stm32f4xx_hal_pwr_ex.c
 
C:\learning\MasterMCU2\workspace\WFE_button\Debug
arm-none-eabi-gcc -mcpu=cortex-m4 -mthumb -mfloat-abi=hard -mfpu=fpv4-sp-d16 -DUSE_HAL_DRIVER -DSTM32F446xx -I"C:/learning/MasterMCU2/workspace/WFE_button/Core/Inc" -I"C:/learning/MasterMCU2/workspace/WFE_button/Drivers/STM32F4xx_HAL_Driver/Inc" -I"C:/learning/MasterMCU2/workspace/WFE_button/Drivers/STM32F4xx_HAL_Driver/Inc/Legacy" -I"C:/learning/MasterMCU2/workspace/WFE_button/Drivers/CMSIS/Device/ST/STM32F4xx/Include" -I"C:/learning/MasterMCU2/workspace/WFE_button/Drivers/CMSIS/Include"  -Og -g3 -Wall -fmessage-length=0 -ffunction-sections -c -fmessage-length=0 -MMD -MP -MF"Drivers/STM32F4xx_HAL_Driver/Src/stm32f4xx_hal_pwr.d" -MT"Drivers/STM32F4xx_HAL_Driver/Src/stm32f4xx_hal_pwr.o" -o "Drivers/STM32F4xx_HAL_Driver/Src/stm32f4xx_hal_pwr.o" "../Drivers/STM32F4xx_HAL_Driver/Src/stm32f4xx_hal_pwr.c"
Invoking: MCU GCC Compiler
Building file: ../Drivers/STM32F4xx_HAL_Driver/Src/stm32f4xx_hal_rcc.c
Building file: ../Drivers/STM32F4xx_HAL_Driver/Src/stm32f4xx_hal_rcc_ex.c
C:\learning\MasterMCU2\workspace\WFE_button\Debug
Finished building: ../Drivers/STM32F4xx_HAL_Driver/Src/stm32f4xx_hal_flash_ex.c
Invoking: MCU GCC Compiler
Finished building: ../Drivers/STM32F4xx_HAL_Driver/Src/stm32f4xx_hal_flash_ramfunc.c
arm-none-eabi-gcc -mcpu=cortex-m4 -mthumb -mfloat-abi=hard -mfpu=fpv4-sp-d16 -DUSE_HAL_DRIVER -DSTM32F446xx -I"C:/learning/MasterMCU2/workspace/WFE_button/Core/Inc" -I"C:/learning/MasterMCU2/workspace/WFE_button/Drivers/STM32F4xx_HAL_Driver/Inc" -I"C:/learning/MasterMCU2/workspace/WFE_button/Drivers/STM32F4xx_HAL_Driver/Inc/Legacy" -I"C:/learning/MasterMCU2/workspace/WFE_button/Drivers/CMSIS/Device/ST/STM32F4xx/Include" -I"C:/learning/MasterMCU2/workspace/WFE_button/Drivers/CMSIS/Include"  -Og -g3 -Wall -fmessage-length=0 -ffunction-sections -c -fmessage-length=0 -MMD -MP -MF"Drivers/STM32F4xx_HAL_Driver/Src/stm32f4xx_hal_pwr_ex.d" -MT"Drivers/STM32F4xx_HAL_Driver/Src/stm32f4xx_hal_pwr_ex.o" -o "Drivers/STM32F4xx_HAL_Driver/Src/stm32f4xx_hal_pwr_ex.o" "../Drivers/STM32F4xx_HAL_Driver/Src/stm32f4xx_hal_pwr_ex.c"
Finished building: ../Drivers/STM32F4xx_HAL_Driver/Src/stm32f4xx_hal_gpio.c
Invoking: MCU GCC Compiler
 
C:\learning\MasterMCU2\workspace\WFE_button\Debug
 
 
Finished building: ../Drivers/STM32F4xx_HAL_Driver/Src/stm32f4xx_hal_pwr.c
arm-none-eabi-gcc -mcpu=cortex-m4 -mthumb -mfloat-abi=hard -mfpu=fpv4-sp-d16 -DUSE_HAL_DRIVER -DSTM32F446xx -I"C:/learning/MasterMCU2/workspace/WFE_button/Core/Inc" -I"C:/learning/MasterMCU2/workspace/WFE_button/Drivers/STM32F4xx_HAL_Driver/Inc" -I"C:/learning/MasterMCU2/workspace/WFE_button/Drivers/STM32F4xx_HAL_Driver/Inc/Legacy" -I"C:/learning/MasterMCU2/workspace/WFE_button/Drivers/CMSIS/Device/ST/STM32F4xx/Include" -I"C:/learning/MasterMCU2/workspace/WFE_button/Drivers/CMSIS/Include"  -Og -g3 -Wall -fmessage-length=0 -ffunction-sections -c -fmessage-length=0 -MMD -MP -MF"Drivers/STM32F4xx_HAL_Driver/Src/stm32f4xx_hal_rcc.d" -MT"Drivers/STM32F4xx_HAL_Driver/Src/stm32f4xx_hal_rcc.o" -o "Drivers/STM32F4xx_HAL_Driver/Src/stm32f4xx_hal_rcc.o" "../Drivers/STM32F4xx_HAL_Driver/Src/stm32f4xx_hal_rcc.c"
C:\learning\MasterMCU2\workspace\WFE_button\Debug
arm-none-eabi-gcc -mcpu=cortex-m4 -mthumb -mfloat-abi=hard -mfpu=fpv4-sp-d16 -DUSE_HAL_DRIVER -DSTM32F446xx -I"C:/learning/MasterMCU2/workspace/WFE_button/Core/Inc" -I"C:/learning/MasterMCU2/workspace/WFE_button/Drivers/STM32F4xx_HAL_Driver/Inc" -I"C:/learning/MasterMCU2/workspace/WFE_button/Drivers/STM32F4xx_HAL_Driver/Inc/Legacy" -I"C:/learning/MasterMCU2/workspace/WFE_button/Drivers/CMSIS/Device/ST/STM32F4xx/Include" -I"C:/learning/MasterMCU2/workspace/WFE_button/Drivers/CMSIS/Include"  -Og -g3 -Wall -fmessage-length=0 -ffunction-sections -c -fmessage-length=0 -MMD -MP -MF"Drivers/STM32F4xx_HAL_Driver/Src/stm32f4xx_hal_rcc_ex.d" -MT"Drivers/STM32F4xx_HAL_Driver/Src/stm32f4xx_hal_rcc_ex.o" -o "Drivers/STM32F4xx_HAL_Driver/Src/stm32f4xx_hal_rcc_ex.o" "../Drivers/STM32F4xx_HAL_Driver/Src/stm32f4xx_hal_rcc_ex.c"
 
Building file: ../Drivers/STM32F4xx_HAL_Driver/Src/stm32f4xx_hal_tim.c
Building file: ../Drivers/STM32F4xx_HAL_Driver/Src/stm32f4xx_hal_tim_ex.c
Building file: ../Drivers/STM32F4xx_HAL_Driver/Src/stm32f4xx_hal_uart.c
Invoking: MCU GCC Compiler
Finished building: ../Drivers/STM32F4xx_HAL_Driver/Src/stm32f4xx_hal_pwr_ex.c
Invoking: MCU GCC Compiler
Invoking: MCU GCC Compiler
C:\learning\MasterMCU2\workspace\WFE_button\Debug
 
C:\learning\MasterMCU2\workspace\WFE_button\Debug
arm-none-eabi-gcc -mcpu=cortex-m4 -mthumb -mfloat-abi=hard -mfpu=fpv4-sp-d16 -DUSE_HAL_DRIVER -DSTM32F446xx -I"C:/learning/MasterMCU2/workspace/WFE_button/Core/Inc" -I"C:/learning/MasterMCU2/workspace/WFE_button/Drivers/STM32F4xx_HAL_Driver/Inc" -I"C:/learning/MasterMCU2/workspace/WFE_button/Drivers/STM32F4xx_HAL_Driver/Inc/Legacy" -I"C:/learning/MasterMCU2/workspace/WFE_button/Drivers/CMSIS/Device/ST/STM32F4xx/Include" -I"C:/learning/MasterMCU2/workspace/WFE_button/Drivers/CMSIS/Include"  -Og -g3 -Wall -fmessage-length=0 -ffunction-sections -c -fmessage-length=0 -MMD -MP -MF"Drivers/STM32F4xx_HAL_Driver/Src/stm32f4xx_hal_tim.d" -MT"Drivers/STM32F4xx_HAL_Driver/Src/stm32f4xx_hal_tim.o" -o "Drivers/STM32F4xx_HAL_Driver/Src/stm32f4xx_hal_tim.o" "../Drivers/STM32F4xx_HAL_Driver/Src/stm32f4xx_hal_tim.c"
C:\learning\MasterMCU2\workspace\WFE_button\Debug
arm-none-eabi-gcc -mcpu=cortex-m4 -mthumb -mfloat-abi=hard -mfpu=fpv4-sp-d16 -DUSE_HAL_DRIVER -DSTM32F446xx -I"C:/learning/MasterMCU2/workspace/WFE_button/Core/Inc" -I"C:/learning/MasterMCU2/workspace/WFE_button/Drivers/STM32F4xx_HAL_Driver/Inc" -I"C:/learning/MasterMCU2/workspace/WFE_button/Drivers/STM32F4xx_HAL_Driver/Inc/Legacy" -I"C:/learning/MasterMCU2/workspace/WFE_button/Drivers/CMSIS/Device/ST/STM32F4xx/Include" -I"C:/learning/MasterMCU2/workspace/WFE_button/Drivers/CMSIS/Include"  -Og -g3 -Wall -fmessage-length=0 -ffunction-sections -c -fmessage-length=0 -MMD -MP -MF"Drivers/STM32F4xx_HAL_Driver/Src/stm32f4xx_hal_tim_ex.d" -MT"Drivers/STM32F4xx_HAL_Driver/Src/stm32f4xx_hal_tim_ex.o" -o "Drivers/STM32F4xx_HAL_Driver/Src/stm32f4xx_hal_tim_ex.o" "../Drivers/STM32F4xx_HAL_Driver/Src/stm32f4xx_hal_tim_ex.c"
arm-none-eabi-gcc -mcpu=cortex-m4 -mthumb -mfloat-abi=hard -mfpu=fpv4-sp-d16 -DUSE_HAL_DRIVER -DSTM32F446xx -I"C:/learning/MasterMCU2/workspace/WFE_button/Core/Inc" -I"C:/learning/MasterMCU2/workspace/WFE_button/Drivers/STM32F4xx_HAL_Driver/Inc" -I"C:/learning/MasterMCU2/workspace/WFE_button/Drivers/STM32F4xx_HAL_Driver/Inc/Legacy" -I"C:/learning/MasterMCU2/workspace/WFE_button/Drivers/CMSIS/Device/ST/STM32F4xx/Include" -I"C:/learning/MasterMCU2/workspace/WFE_button/Drivers/CMSIS/Include"  -Og -g3 -Wall -fmessage-length=0 -ffunction-sections -c -fmessage-length=0 -MMD -MP -MF"Drivers/STM32F4xx_HAL_Driver/Src/stm32f4xx_hal_uart.d" -MT"Drivers/STM32F4xx_HAL_Driver/Src/stm32f4xx_hal_uart.o" -o "Drivers/STM32F4xx_HAL_Driver/Src/stm32f4xx_hal_uart.o" "../Drivers/STM32F4xx_HAL_Driver/Src/stm32f4xx_hal_uart.c"
Finished building: ../Drivers/STM32F4xx_HAL_Driver/Src/stm32f4xx_hal_rcc.c
Finished building: ../Drivers/STM32F4xx_HAL_Driver/Src/stm32f4xx_hal_rcc_ex.c
 
Building file: ../Core/Src/data.c
 
Invoking: MCU GCC Compiler
Building file: ../Core/Src/it.c
Building file: ../Core/Src/main.c
C:\learning\MasterMCU2\workspace\WFE_button\Debug
arm-none-eabi-gcc -mcpu=cortex-m4 -mthumb -mfloat-abi=hard -mfpu=fpv4-sp-d16 -DUSE_HAL_DRIVER -DSTM32F446xx -I"C:/learning/MasterMCU2/workspace/WFE_button/Core/Inc" -I"C:/learning/MasterMCU2/workspace/WFE_button/Drivers/STM32F4xx_HAL_Driver/Inc" -I"C:/learning/MasterMCU2/workspace/WFE_button/Drivers/STM32F4xx_HAL_Driver/Inc/Legacy" -I"C:/learning/MasterMCU2/workspace/WFE_button/Drivers/CMSIS/Device/ST/STM32F4xx/Include" -I"C:/learning/MasterMCU2/workspace/WFE_button/Drivers/CMSIS/Include"  -Og -g3 -Wall -fmessage-length=0 -ffunction-sections -c -fmessage-length=0 -MMD -MP -MF"Core/Src/data.d" -MT"Core/Src/data.o" -o "Core/Src/data.o" "../Core/Src/data.c"
Invoking: MCU GCC Compiler
Invoking: MCU GCC Compiler
Building file: ../Core/Src/msp.c
Finished building: ../Drivers/STM32F4xx_HAL_Driver/Src/stm32f4xx_hal_tim_ex.c
C:\learning\MasterMCU2\workspace\WFE_button\Debug
Finished building: ../Drivers/STM32F4xx_HAL_Driver/Src/stm32f4xx_hal_uart.c
Finished building: ../Drivers/STM32F4xx_HAL_Driver/Src/stm32f4xx_hal_tim.c
C:\learning\MasterMCU2\workspace\WFE_button\Debug
Invoking: MCU GCC Compiler
arm-none-eabi-gcc -mcpu=cortex-m4 -mthumb -mfloat-abi=hard -mfpu=fpv4-sp-d16 -DUSE_HAL_DRIVER -DSTM32F446xx -I"C:/learning/MasterMCU2/workspace/WFE_button/Core/Inc" -I"C:/learning/MasterMCU2/workspace/WFE_button/Drivers/STM32F4xx_HAL_Driver/Inc" -I"C:/learning/MasterMCU2/workspace/WFE_button/Drivers/STM32F4xx_HAL_Driver/Inc/Legacy" -I"C:/learning/MasterMCU2/workspace/WFE_button/Drivers/CMSIS/Device/ST/STM32F4xx/Include" -I"C:/learning/MasterMCU2/workspace/WFE_button/Drivers/CMSIS/Include"  -Og -g3 -Wall -fmessage-length=0 -ffunction-sections -c -fmessage-length=0 -MMD -MP -MF"Core/Src/it.d" -MT"Core/Src/it.o" -o "Core/Src/it.o" "../Core/Src/it.c"
 
arm-none-eabi-gcc -mcpu=cortex-m4 -mthumb -mfloat-abi=hard -mfpu=fpv4-sp-d16 -DUSE_HAL_DRIVER -DSTM32F446xx -I"C:/learning/MasterMCU2/workspace/WFE_button/Core/Inc" -I"C:/learning/MasterMCU2/workspace/WFE_button/Drivers/STM32F4xx_HAL_Driver/Inc" -I"C:/learning/MasterMCU2/workspace/WFE_button/Drivers/STM32F4xx_HAL_Driver/Inc/Legacy" -I"C:/learning/MasterMCU2/workspace/WFE_button/Drivers/CMSIS/Device/ST/STM32F4xx/Include" -I"C:/learning/MasterMCU2/workspace/WFE_button/Drivers/CMSIS/Include"  -Og -g3 -Wall -fmessage-length=0 -ffunction-sections -c -fmessage-length=0 -MMD -MP -MF"Core/Src/main.d" -MT"Core/Src/main.o" -o "Core/Src/main.o" "../Core/Src/main.c"
 
 
C:\learning\MasterMCU2\workspace\WFE_button\Debug
arm-none-eabi-gcc -mcpu=cortex-m4 -mthumb -mfloat-abi=hard -mfpu=fpv4-sp-d16 -DUSE_HAL_DRIVER -DSTM32F446xx -I"C:/learning/MasterMCU2/workspace/WFE_button/Core/Inc" -I"C:/learning/MasterMCU2/workspace/WFE_button/Drivers/STM32F4xx_HAL_Driver/Inc" -I"C:/learning/MasterMCU2/workspace/WFE_button/Drivers/STM32F4xx_HAL_Driver/Inc/Legacy" -I"C:/learning/MasterMCU2/workspace/WFE_button/Drivers/CMSIS/Device/ST/STM32F4xx/Include" -I"C:/learning/MasterMCU2/workspace/WFE_button/Drivers/CMSIS/Include"  -Og -g3 -Wall -fmessage-length=0 -ffunction-sections -c -fmessage-length=0 -MMD -MP -MF"Core/Src/msp.d" -MT"Core/Src/msp.o" -o "Core/Src/msp.o" "../Core/Src/msp.c"
Finished building: ../Core/Src/data.c
Building file: ../Core/Src/syscalls.c
 
../Core/Src/main.c: In function 'GPIO_Init':
../Core/Src/main.c:196:19: warning: unused variable 'ledgpio' [-Wunused-variable]
  GPIO_InitTypeDef ledgpio , buttongpio;
                   ^~~~~~~
Building file: ../Core/Src/system_stm32f4xx.c
Invoking: MCU GCC Compiler
Invoking: MCU GCC Compiler
C:\learning\MasterMCU2\workspace\WFE_button\Debug
Finished building: ../Core/Src/it.c
arm-none-eabi-gcc -mcpu=cortex-m4 -mthumb -mfloat-abi=hard -mfpu=fpv4-sp-d16 -DUSE_HAL_DRIVER -DSTM32F446xx -I"C:/learning/MasterMCU2/workspace/WFE_button/Core/Inc" -I"C:/learning/MasterMCU2/workspace/WFE_button/Drivers/STM32F4xx_HAL_Driver/Inc" -I"C:/learning/MasterMCU2/workspace/WFE_button/Drivers/STM32F4xx_HAL_Driver/Inc/Legacy" -I"C:/learning/MasterMCU2/workspace/WFE_button/Drivers/CMSIS/Device/ST/STM32F4xx/Include" -I"C:/learning/MasterMCU2/workspace/WFE_button/Drivers/CMSIS/Include"  -Og -g3 -Wall -fmessage-length=0 -ffunction-sections -c -fmessage-length=0 -MMD -MP -MF"Core/Src/syscalls.d" -MT"Core/Src/syscalls.o" -o "Core/Src/syscalls.o" "../Core/Src/syscalls.c"
Finished building: ../Core/Src/main.c
C:\learning\MasterMCU2\workspace\WFE_button\Debug
 
 
arm-none-eabi-gcc -mcpu=cortex-m4 -mthumb -mfloat-abi=hard -mfpu=fpv4-sp-d16 -DUSE_HAL_DRIVER -DSTM32F446xx -I"C:/learning/MasterMCU2/workspace/WFE_button/Core/Inc" -I"C:/learning/MasterMCU2/workspace/WFE_button/Drivers/STM32F4xx_HAL_Driver/Inc" -I"C:/learning/MasterMCU2/workspace/WFE_button/Drivers/STM32F4xx_HAL_Driver/Inc/Legacy" -I"C:/learning/MasterMCU2/workspace/WFE_button/Drivers/CMSIS/Device/ST/STM32F4xx/Include" -I"C:/learning/MasterMCU2/workspace/WFE_button/Drivers/CMSIS/Include"  -Og -g3 -Wall -fmessage-length=0 -ffunction-sections -c -fmessage-length=0 -MMD -MP -MF"Core/Src/system_stm32f4xx.d" -MT"Core/Src/system_stm32f4xx.o" -o "Core/Src/system_stm32f4xx.o" "../Core/Src/system_stm32f4xx.c"
Finished building: ../Core/Src/msp.c
 
Finished building: ../Core/Src/syscalls.c
 
Finished building: ../Core/Src/system_stm32f4xx.c
 
Building target: WFE_button.elf
Invoking: MCU GCC Linker
arm-none-eabi-gcc -mcpu=cortex-m4 -mthumb -mfloat-abi=hard -mfpu=fpv4-sp-d16 -specs=nosys.specs -specs=nano.specs -T"../STM32F446RETx_FLASH.ld" -Wl,-Map=output.map -Wl,--gc-sections -o "WFE_button.elf" @"objects.list"   -lm
Finished building target: WFE_button.elf
 
make --no-print-directory post-build
Generating hex and Printing size information:
arm-none-eabi-objcopy -O ihex "WFE_button.elf" "WFE_button.hex"
arm-none-eabi-size "WFE_button.elf"
   text	   data	    bss	    dec	    hex	filename
   5212	     52	   1636	   6900	   1af4	WFE_button.elf
 

14:19:31 Build Finished (took 30s.597ms)

